// Jest Snapshot v1, https://goo.gl/fbAQLP

exports[`should render DashboardPage correctly 1`] = `
<div>
  <Link
    replace={false}
    to="/create"
  >
    Add post
  </Link>
</div>
`;
