// Jest Snapshot v1, https://goo.gl/fbAQLP

exports[`should correnctyl render login page component 1`] = `
<div
  className="box-layout"
>
  <div
    className="box-layout__box"
  >
    <h1
      className="box-layout__title"
    >
      Blah-Blah Blog
    </h1>
    <p>
      Everybody talkin' at once.
    </p>
    <button
      className="button"
    >
      Login with Google
    </button>
  </div>
</div>
`;
